go run ./scripts/cmd... compilesc --input ./test/contracts
2022-05-19T20:55:31-03:00	[34mINFO[0m	compilesc/manager.go:183	Compiling test/contracts/WETH.sol with version 0.4.18
2022-05-19T20:55:31-03:00	[34mINFO[0m	compilesc/manager.go:183	Compiling test/contracts/auto/StorageOnDeploy.sol with version 0.8.12-alpine
2022-05-19T20:55:31-03:00	[34mINFO[0m	compilesc/manager.go:183	Compiling test/contracts/auto/Destruct.sol with version 0.8.12-alpine
2022-05-19T20:55:31-03:00	[34mINFO[0m	compilesc/manager.go:183	Compiling test/contracts/auto/FailureTest.sol with version 0.8.12-alpine
2022-05-19T20:55:31-03:00	[34mINFO[0m	compilesc/manager.go:183	Compiling test/contracts/auto/EmitLog.sol with version 0.8.12-alpine
2022-05-19T20:55:31-03:00	[34mINFO[0m	compilesc/manager.go:183	Compiling test/contracts/auto/Counter.sol with version 0.8.12-alpine
2022-05-19T20:55:31-03:00	[34mINFO[0m	compilesc/manager.go:183	Compiling test/contracts/auto/Double.sol with version 0.8.12-alpine
2022-05-19T20:55:31-03:00	[34mINFO[0m	compilesc/manager.go:183	Compiling test/contracts/auto/Interaction.sol with version 0.8.12-alpine
2022-05-19T20:55:31-03:00	[34mINFO[0m	compilesc/manager.go:183	Compiling test/contracts/auto/Storage.sol with version 0.8.12-alpine
2022-05-19T20:55:31-03:00	[34mINFO[0m	compilesc/manager.go:183	Compiling test/contracts/auto/DelegatecallReceiver.sol with version 0.8.12-alpine
2022-05-19T20:55:31-03:00	[34mINFO[0m	compilesc/manager.go:183	Compiling test/contracts/auto/ERC20.sol with version 0.8.12-alpine
2022-05-19T20:55:31-03:00	[34mINFO[0m	compilesc/manager.go:183	Compiling test/contracts/auto/DelegatecallSender.sol with version 0.8.12-alpine
2022-05-19T20:55:34-03:00	[34mINFO[0m	compilesc/manager.go:204	Compiler run successfully, artifacts can be found at "test/contracts/bin/WETH"
2022-05-19T20:55:34-03:00	[34mINFO[0m	compilesc/manager.go:210	Generating go code for "WETH"...
2022-05-19T20:55:34-03:00	[34mINFO[0m	compilesc/manager.go:204	Compiler run successfully, artifacts can be found at "test/contracts/bin/StorageOnDeploy"
2022-05-19T20:55:34-03:00	[34mINFO[0m	compilesc/manager.go:210	Generating go code for "StorageOnDeploy"...
2022-05-19T20:55:35-03:00	[34mINFO[0m	compilesc/manager.go:204	Compiler run successfully, artifacts can be found at "test/contracts/bin/Interaction"
2022-05-19T20:55:35-03:00	[34mINFO[0m	compilesc/manager.go:210	Generating go code for "Interaction"...
2022-05-19T20:55:35-03:00	[34mINFO[0m	compilesc/manager.go:204	Compiler run successfully, artifacts can be found at "test/contracts/bin/EmitLog"
2022-05-19T20:55:35-03:00	[34mINFO[0m	compilesc/manager.go:210	Generating go code for "EmitLog"...
2022-05-19T20:55:35-03:00	[34mINFO[0m	compilesc/manager.go:204	Compiler run successfully, artifacts can be found at "test/contracts/bin/DelegatecallReceiver"
2022-05-19T20:55:35-03:00	[34mINFO[0m	compilesc/manager.go:210	Generating go code for "DelegatecallReceiver"...
2022-05-19T20:55:36-03:00	[34mINFO[0m	compilesc/manager.go:204	Compiler run successfully, artifacts can be found at "test/contracts/bin/Destruct"
2022-05-19T20:55:36-03:00	[34mINFO[0m	compilesc/manager.go:210	Generating go code for "Destruct"...
2022-05-19T20:55:36-03:00	[34mINFO[0m	compilesc/manager.go:204	Compiler run successfully, artifacts can be found at "test/contracts/bin/Counter"
2022-05-19T20:55:36-03:00	[34mINFO[0m	compilesc/manager.go:210	Generating go code for "Counter"...
2022-05-19T20:55:36-03:00	[34mINFO[0m	compilesc/manager.go:204	Compiler run successfully, artifacts can be found at "test/contracts/bin/FailureTest"
2022-05-19T20:55:36-03:00	[34mINFO[0m	compilesc/manager.go:210	Generating go code for "FailureTest"...
2022-05-19T20:55:37-03:00	[34mINFO[0m	compilesc/manager.go:204	Compiler run successfully, artifacts can be found at "test/contracts/bin/Double"
2022-05-19T20:55:37-03:00	[34mINFO[0m	compilesc/manager.go:210	Generating go code for "Double"...
2022-05-19T20:55:39-03:00	[34mINFO[0m	compilesc/manager.go:204	Compiler run successfully, artifacts can be found at "test/contracts/bin/DelegatecallSender"
2022-05-19T20:55:39-03:00	[34mINFO[0m	compilesc/manager.go:210	Generating go code for "DelegatecallSender"...
2022-05-19T20:55:39-03:00	[34mINFO[0m	compilesc/manager.go:230	Code generated at "test/contracts/bin/WETH/WETH.go"
2022-05-19T20:55:39-03:00	[34mINFO[0m	compilesc/manager.go:183	Compiling test/contracts/uniswap/v2/UniswapInterfaceMulticall.sol with version 0.7.6-alpine
2022-05-19T20:55:39-03:00	[34mINFO[0m	compilesc/manager.go:204	Compiler run successfully, artifacts can be found at "test/contracts/bin/ERC20"
2022-05-19T20:55:39-03:00	[34mINFO[0m	compilesc/manager.go:210	Generating go code for "ERC20"...
2022-05-19T20:55:40-03:00	[34mINFO[0m	compilesc/manager.go:204	Compiler run successfully, artifacts can be found at "test/contracts/bin/Storage"
2022-05-19T20:55:40-03:00	[34mINFO[0m	compilesc/manager.go:210	Generating go code for "Storage"...
2022-05-19T20:55:40-03:00	[34mINFO[0m	compilesc/manager.go:230	Code generated at "test/contracts/bin/StorageOnDeploy/StorageOnDeploy.go"
2022-05-19T20:55:40-03:00	[34mINFO[0m	compilesc/manager.go:230	Code generated at "test/contracts/bin/Interaction/Interaction.go"
2022-05-19T20:55:41-03:00	[34mINFO[0m	compilesc/manager.go:230	Code generated at "test/contracts/bin/EmitLog/EmitLog.go"
2022-05-19T20:55:42-03:00	[34mINFO[0m	compilesc/manager.go:230	Code generated at "test/contracts/bin/DelegatecallReceiver/DelegatecallReceiver.go"
2022-05-19T20:55:43-03:00	[34mINFO[0m	compilesc/manager.go:230	Code generated at "test/contracts/bin/Destruct/Destruct.go"
2022-05-19T20:55:43-03:00	[34mINFO[0m	compilesc/manager.go:230	Code generated at "test/contracts/bin/FailureTest/FailureTest.go"
2022-05-19T20:55:43-03:00	[34mINFO[0m	compilesc/manager.go:230	Code generated at "test/contracts/bin/Counter/Counter.go"
2022-05-19T20:55:44-03:00	[34mINFO[0m	compilesc/manager.go:204	Compiler run successfully, artifacts can be found at "test/contracts/bin/UniswapInterfaceMulticall"
2022-05-19T20:55:44-03:00	[34mINFO[0m	compilesc/manager.go:210	Generating go code for "UniswapInterfaceMulticall"...
2022-05-19T20:55:45-03:00	[34mINFO[0m	compilesc/manager.go:230	Code generated at "test/contracts/bin/DelegatecallSender/DelegatecallSender.go"
2022-05-19T20:55:45-03:00	[34mINFO[0m	compilesc/manager.go:230	Code generated at "test/contracts/bin/Double/Double.go"
2022-05-19T20:55:46-03:00	[34mINFO[0m	compilesc/manager.go:230	Code generated at "test/contracts/bin/ERC20/ERC20.go"
2022-05-19T20:55:46-03:00	[34mINFO[0m	compilesc/manager.go:230	Code generated at "test/contracts/bin/Storage/Storage.go"
2022-05-19T20:55:46-03:00	[34mINFO[0m	compilesc/manager.go:230	Code generated at "test/contracts/bin/uniswap/v2/interface/UniswapInterfaceMulticall/UniswapInterfaceMulticall.go"
2022-05-19T20:55:46-03:00	[34mINFO[0m	compilesc/manager.go:183	Compiling test/contracts/uniswap/v2/UniswapV2ERC20.sol with version 0.5.16-alpine
2022-05-19T20:55:47-03:00	[34mINFO[0m	compilesc/manager.go:204	Compiler run successfully, artifacts can be found at "test/contracts/bin/UniswapV2ERC20"
2022-05-19T20:55:47-03:00	[34mINFO[0m	compilesc/manager.go:210	Generating go code for "UniswapV2ERC20"...
2022-05-19T20:55:48-03:00	[34mINFO[0m	compilesc/manager.go:230	Code generated at "test/contracts/bin/uniswap/v2/core/UniswapV2ERC20/UniswapV2ERC20.go"
2022-05-19T20:55:48-03:00	[34mINFO[0m	compilesc/manager.go:183	Compiling test/contracts/uniswap/v2/UniswapV2Factory.sol with version 0.5.16-alpine
2022-05-19T20:55:49-03:00	[34mINFO[0m	compilesc/manager.go:204	Compiler run successfully, artifacts can be found at "test/contracts/bin/UniswapV2Factory"
2022-05-19T20:55:49-03:00	[34mINFO[0m	compilesc/manager.go:210	Generating go code for "UniswapV2Factory"...
2022-05-19T20:55:50-03:00	[34mINFO[0m	compilesc/manager.go:230	Code generated at "test/contracts/bin/uniswap/v2/core/UniswapV2Factory/UniswapV2Factory.go"
2022-05-19T20:55:50-03:00	[34mINFO[0m	compilesc/manager.go:183	Compiling test/contracts/uniswap/v2/UniswapV2Pair.sol with version 0.5.16-alpine
2022-05-19T20:55:51-03:00	[34mINFO[0m	compilesc/manager.go:204	Compiler run successfully, artifacts can be found at "test/contracts/bin/UniswapV2Pair"
2022-05-19T20:55:51-03:00	[34mINFO[0m	compilesc/manager.go:210	Generating go code for "UniswapV2Pair"...
2022-05-19T20:55:52-03:00	[34mINFO[0m	compilesc/manager.go:230	Code generated at "test/contracts/bin/uniswap/v2/core/UniswapV2Pair/UniswapV2Pair.go"
2022-05-19T20:55:52-03:00	[34mINFO[0m	compilesc/manager.go:183	Compiling test/contracts/uniswap/v2/UniswapV2Migrator.sol with version 0.6.6-alpine
2022-05-19T20:55:53-03:00	[34mINFO[0m	compilesc/manager.go:204	Compiler run successfully, artifacts can be found at "test/contracts/bin/UniswapV2Migrator"
2022-05-19T20:55:53-03:00	[34mINFO[0m	compilesc/manager.go:210	Generating go code for "UniswapV2Migrator"...
2022-05-19T20:55:54-03:00	[34mINFO[0m	compilesc/manager.go:230	Code generated at "test/contracts/bin/uniswap/v2/periphery/UniswapV2Migrator/UniswapV2Migrator.go"
2022-05-19T20:55:54-03:00	[34mINFO[0m	compilesc/manager.go:183	Compiling test/contracts/uniswap/v2/UniswapV2Router02.sol with version 0.6.6-alpine
2022-05-19T20:55:56-03:00	[34mINFO[0m	compilesc/manager.go:204	Compiler run successfully, artifacts can be found at "test/contracts/bin/UniswapV2Router02"
2022-05-19T20:55:56-03:00	[34mINFO[0m	compilesc/manager.go:210	Generating go code for "UniswapV2Router02"...
2022-05-19T20:55:56-03:00	[34mINFO[0m	compilesc/manager.go:230	Code generated at "test/contracts/bin/uniswap/v2/periphery/UniswapV2Router02/UniswapV2Router02.go"
docker-compose -f docker-compose.yml stop hez-postgres && docker-compose -f docker-compose.yml rm -f hez-postgres
docker-compose -f docker-compose.yml up -d hez-postgres; sleep 5
trap 'docker-compose -f docker-compose.yml stop hez-postgres && docker-compose -f docker-compose.yml rm -f hez-postgres' EXIT; go test -short -p 1 ./...
?   	github.com/hermeznetwork/hermez-core/aggregator	[no test files]
?   	github.com/hermeznetwork/hermez-core/cmd	[no test files]
ok  	github.com/hermeznetwork/hermez-core/config	0.047s
?   	github.com/hermeznetwork/hermez-core/db	[no test files]
?   	github.com/hermeznetwork/hermez-core/encoding	[no test files]
ok  	github.com/hermeznetwork/hermez-core/etherman	0.378s
?   	github.com/hermeznetwork/hermez-core/etherman/smartcontracts/bridge	[no test files]
?   	github.com/hermeznetwork/hermez-core/etherman/smartcontracts/globalexitrootmanager	[no test files]
?   	github.com/hermeznetwork/hermez-core/etherman/smartcontracts/matic	[no test files]
?   	github.com/hermeznetwork/hermez-core/etherman/smartcontracts/proofofefficiency	[no test files]
?   	github.com/hermeznetwork/hermez-core/gasprice	[no test files]
?   	github.com/hermeznetwork/hermez-core/hex	[no test files]
?   	github.com/hermeznetwork/hermez-core/jsonrpc	[no test files]
ok  	github.com/hermeznetwork/hermez-core/log	(cached)
ok  	github.com/hermeznetwork/hermez-core/pool	1.071s
?   	github.com/hermeznetwork/hermez-core/pool/pgpoolstorage	[no test files]
?   	github.com/hermeznetwork/hermez-core/pricegetter	[no test files]
?   	github.com/hermeznetwork/hermez-core/pricegetter/priceprovider	[no test files]
?   	github.com/hermeznetwork/hermez-core/pricegetter/priceprovider/uniswap	[no test files]
?   	github.com/hermeznetwork/hermez-core/proverclient/pb	[no test files]
?   	github.com/hermeznetwork/hermez-core/scripts	[no test files]
?   	github.com/hermeznetwork/hermez-core/scripts/cmd	[no test files]
?   	github.com/hermeznetwork/hermez-core/scripts/cmd/compilesc	[no test files]
ok  	github.com/hermeznetwork/hermez-core/scripts/cmd/dependencies	(cached)
?   	github.com/hermeznetwork/hermez-core/scripts/deploy_sc	[no test files]
?   	github.com/hermeznetwork/hermez-core/scripts/init_network	[no test files]
?   	github.com/hermeznetwork/hermez-core/scripts/uniswap	[no test files]
ok  	github.com/hermeznetwork/hermez-core/sequencer	3.500s
?   	github.com/hermeznetwork/hermez-core/sequencer/strategy	[no test files]
ok  	github.com/hermeznetwork/hermez-core/sequencer/strategy/txprofitabilitychecker	0.209s
ok  	github.com/hermeznetwork/hermez-core/sequencer/strategy/txselector	0.015s
ok  	github.com/hermeznetwork/hermez-core/state	5.336s
?   	github.com/hermeznetwork/hermez-core/state/helper	[no test files]
ok  	github.com/hermeznetwork/hermez-core/state/runtime	(cached)
ok  	github.com/hermeznetwork/hermez-core/state/runtime/evm	(cached)
ok  	github.com/hermeznetwork/hermez-core/state/store	(cached)
ok  	github.com/hermeznetwork/hermez-core/state/tree	9.847s
?   	github.com/hermeznetwork/hermez-core/state/tree/pb	[no test files]
?   	github.com/hermeznetwork/hermez-core/synchronizer	[no test files]
ok  	github.com/hermeznetwork/hermez-core/test/benchmarks	0.024s [no tests to run]
?   	github.com/hermeznetwork/hermez-core/test/contracts/bin/Counter	[no test files]
?   	github.com/hermeznetwork/hermez-core/test/contracts/bin/DelegatecallReceiver	[no test files]
?   	github.com/hermeznetwork/hermez-core/test/contracts/bin/DelegatecallSender	[no test files]
?   	github.com/hermeznetwork/hermez-core/test/contracts/bin/Destruct	[no test files]
?   	github.com/hermeznetwork/hermez-core/test/contracts/bin/Double	[no test files]
?   	github.com/hermeznetwork/hermez-core/test/contracts/bin/ERC20	[no test files]
?   	github.com/hermeznetwork/hermez-core/test/contracts/bin/EmitLog	[no test files]
?   	github.com/hermeznetwork/hermez-core/test/contracts/bin/FailureTest	[no test files]
?   	github.com/hermeznetwork/hermez-core/test/contracts/bin/Interaction	[no test files]
?   	github.com/hermeznetwork/hermez-core/test/contracts/bin/Storage	[no test files]
?   	github.com/hermeznetwork/hermez-core/test/contracts/bin/StorageOnDeploy	[no test files]
?   	github.com/hermeznetwork/hermez-core/test/contracts/bin/WETH	[no test files]
?   	github.com/hermeznetwork/hermez-core/test/contracts/bin/uniswap/v2/core/UniswapV2ERC20	[no test files]
?   	github.com/hermeznetwork/hermez-core/test/contracts/bin/uniswap/v2/core/UniswapV2Factory	[no test files]
?   	github.com/hermeznetwork/hermez-core/test/contracts/bin/uniswap/v2/core/UniswapV2Pair	[no test files]
?   	github.com/hermeznetwork/hermez-core/test/contracts/bin/uniswap/v2/interface/UniswapInterfaceMulticall	[no test files]
?   	github.com/hermeznetwork/hermez-core/test/contracts/bin/uniswap/v2/periphery/UniswapV2Migrator	[no test files]
?   	github.com/hermeznetwork/hermez-core/test/contracts/bin/uniswap/v2/periphery/UniswapV2Router02	[no test files]
?   	github.com/hermeznetwork/hermez-core/test/dbutils	[no test files]
ok  	github.com/hermeznetwork/hermez-core/test/e2e	0.030s
?   	github.com/hermeznetwork/hermez-core/test/operations	[no test files]
?   	github.com/hermeznetwork/hermez-core/test/testutils	[no test files]
?   	github.com/hermeznetwork/hermez-core/test/vectors	[no test files]
?   	github.com/hermeznetwork/hermez-core/tools/rlp	[no test files]
Going to remove hez-postgres
